23:36:21 **** Incremental Build of configuration Debug for project FinalProjectv1 ****
make -j16 all 
arm-none-eabi-gcc "../Core/Src/main.c" -mcpu=cortex-m4 -std=gnu11 -g3 -DDEBUG -DUSE_HAL_DRIVER -DSTM32L476xx -c -I../Core/Inc -I../Drivers/STM32L4xx_HAL_Driver/Inc -I../Drivers/STM32L4xx_HAL_Driver/Inc/Legacy -I../Drivers/CMSIS/Device/ST/STM32L4xx/Include -I../Drivers/CMSIS/Include -O0 -ffunction-sections -fdata-sections -Wall -x c++ -fstack-usage -fcyclomatic-complexity -MMD -MP -MF"Core/Src/main.d" -MT"Core/Src/main.o" --specs=standard_c_nano_cpp.specs -mfpu=fpv4-sp-d16 -mfloat-abi=hard -mthumb -o "Core/Src/main.o"
arm-none-eabi-gcc: warning: '-x c++' after last input file has no effect
arm-none-eabi-g++ -o "FinalProjectv1.elf" @"objects.list"   -mcpu=cortex-m4 -T"C:\Purdue\Spring 2025\ECET 32900\ECET-32900\Final Project\FinalProjectv1\STM32L476RGTX_FLASH.ld" --specs=nosys.specs -Wl,-Map="FinalProjectv1.map" -Wl,--gc-sections -static --specs=standard_c_nano_cpp.specs -mfpu=fpv4-sp-d16 -mfloat-abi=hard -mthumb -Wl,--start-group -lc -lm -lstdc++ -lsupc++ -Wl,--end-group
Finished building target: FinalProjectv1.elf
 
arm-none-eabi-size  FinalProjectv1.elf 
arm-none-eabi-objdump -h -S FinalProjectv1.elf  > "FinalProjectv1.list"
   text	   data	    bss	    dec	    hex	filename
  39940	   1760	   2592	  44292	   ad04	FinalProjectv1.elf
Finished building: default.size.stdout
 
Finished building: FinalProjectv1.list
 

23:36:22 Build Finished. 0 errors, 0 warnings. (took 1s.302ms)

